[s46] dry-run: would connect acme
[s46] team:    acme · lane: EU-OPO · endpoint: https://acme.s46.dev
[s46] Configure Pi custom provider for Sovereign46
[s46] harness: pi (would write ~/.pi/agent/models.json)
  - add or replace providers.s46 in Pi models.json
  - set baseUrl to https://acme.s46.dev/v1
  - set apiKey to shell command '!s46 token --refresh'
  - register 5 S46 models

--- ~/.pi/agent/models.json
+++ ~/.pi/agent/models.json
@@ -1,0 +1,92 @@
+{
+  "providers": {
+    "s46": {
+      "api": "openai-completions",
+      "apiKey": "!s46 token --refresh",
+      "authHeader": true,
+      "baseUrl": "https://acme.s46.dev/v1",
+      "models": [
+        {
+          "contextWindow": 128000,
+          "cost": {
+            "cacheRead": 0,
+            "cacheWrite": 0,
+            "input": 0,
+            "output": 0
+          },
+          "id": "s46/kimi-k2.6",
+          "input": [
+            "text"
+          ],
+          "maxTokens": 32000,
+          "name": "Kimi K2.6 (Sovereign46)",
+          "reasoning": true
+        },
+        {
+          "contextWindow": 128000,
+          "cost": {
+            "cacheRead": 0,
+            "cacheWrite": 0,
+            "input": 0,
+            "output": 0
+          },
+          "id": "s46/gemma-3",
+          "input": [
+            "text"
+          ],
+          "maxTokens": 32000,
+          "name": "Gemma 3 (Sovereign46)",
+          "reasoning": false
+        },
+        {
+          "contextWindow": 128000,
+          "cost": {
+            "cacheRead": 0,
+            "cacheWrite": 0,
+            "input": 0,
+            "output": 0
+          },
+          "id": "s46/deepseek-coder-v3",
+          "input": [
+            "text"
+          ],
+          "maxTokens": 32000,
+          "name": "DeepSeek Coder V3 (Sovereign46)",
+          "reasoning": true
+        },
+        {
+          "contextWindow": 128000,
+          "cost": {
+            "cacheRead": 0,
+            "cacheWrite": 0,
+            "input": 0,
+            "output": 0
+          },
+          "id": "s46/qwen3-coder",
+          "input": [
+            "text"
+          ],
+          "maxTokens": 32000,
+          "name": "Qwen3 Coder (Sovereign46)",
+          "reasoning": true
+        },
+        {
+          "contextWindow": 128000,
+          "cost": {
+            "cacheRead": 0,
+            "cacheWrite": 0,
+            "input": 0,
+            "output": 0
+          },
+          "id": "s46/mistral-large",
+          "input": [
+            "text"
+          ],
+          "maxTokens": 32000,
+          "name": "Mistral Large (Sovereign46)",
+          "reasoning": false
+        }
+      ]
+    }
+  }
+}

[s46] dry-run: no files written
