s46 is a control plane for coding-agent harnesses.

Start here:
  s46 ask "I just installed this; what should I do?"
  s46 ask "configure Codex for my team"
  s46 ask "can I code offline?"

Usage:
  s46 [command]

Available Commands:
  airplane    manage local airplane mode
  ask         ask the local S46 model for a command plan
  connect     connect a team and configure a harness
  detach      detach a session to an S46 worker job
  devices     list and revoke paired devices
  disconnect  remove S46 configuration for a team and harness
  help        Help about any command
  login       authenticate with Sovereign46 using magic-link device auth
  logout      clear local credentials
  mode        view or set operating mode
  resume      resume a session remotely by default, or materialize it locally
  run         start a local s46 session
  session     session subcommands
  sessions    list local and remote sessions
  share       share a session as an encrypted static page
  status      show active team, lane, harness, mode, and checks
  teams       list and switch connected teams
  token       print a bearer token for harness helpers
  update      check for updates using Homebrew-safe instructions
  version     print build version information
  whoami      print the authenticated user

Flags:
      --config string   path to s46 config.json
  -h, --help            help for s46
      --json            write machine-readable JSON
      --jsonl           write newline-delimited JSON
      --no-input        do not prompt for input
      --verbose         print extra diagnostics

Use "s46 [command] --help" for more information about a command.
